<?xml version="1.0" encoding="utf-8"?><testsuites><testsuite name="pytest" errors="0" failures="0" skipped="0" tests="8" time="2.209" timestamp="2024-10-25T21:00:05.965270" hostname="cb550f52b316"><testcase classname="src.carma-platform.test.test_guidance_scripts" name="test_get_engage_time" time="0.059" /><testcase classname="src.carma-platform.test.test_guidance_scripts" name="test_run_crosstrack_analysis" time="0.015" /><testcase classname="src.carma-platform.test.test_parse_ros2_bags" name="test_extract_mcap_data_file_not_found" time="0.008" /><testcase classname="src.carma-platform.test.test_parse_ros2_bags" name="test_extract_mcap_data_missing_extractor" time="0.009" /><testcase classname="src.carma-platform.test.test_parse_ros2_bags" name="test_extract_mcap_data_success" time="0.013" /><testcase classname="src.carma-platform.test.test_run_all_analysis" name="test_find_mcap_files" time="0.015" /><testcase classname="src.carma-platform.test.test_run_all_analysis" name="test_run_all_analysis" time="0.014" /><testcase classname="src.carma-platform.test.test_run_all_analysis" name="test_run_all_analysis_no_mcap_files" time="0.011" /></testsuite></testsuites>